   Compiling php-rt v0.1.0 (/home/daniil/repos/psalm-port/rust/php-rt)
   Compiling php_parser v0.1.0 (/home/daniil/repos/psalm-port/rust/generated/php_parser)
warning: unused attribute `allow`
    --> generated/php_parser/src/g/mod.rs:3303:5
     |
3303 |     #[allow(unreachable_code)] unreachable!("missing return")
     |     ^^^^^^^^^^^^^^^^^^^^^^^^^^
     |
note: the built-in attribute `allow` will be ignored, since it's applied to the macro invocation `unreachable`
    --> generated/php_parser/src/g/mod.rs:3303:32
     |
3303 |     #[allow(unreachable_code)] unreachable!("missing return")
     |                                ^^^^^^^^^^^
     = note: `#[warn(unused_attributes)]` (part of `#[warn(unused)]`) on by default

warning: unused attribute `allow`
    --> generated/php_parser/src/g/mod.rs:3332:5
     |
3332 |     #[allow(unreachable_code)] unreachable!("missing return")
     |     ^^^^^^^^^^^^^^^^^^^^^^^^^^
     |
note: the built-in attribute `allow` will be ignored, since it's applied to the macro invocation `unreachable`
    --> generated/php_parser/src/g/mod.rs:3332:32
     |
3332 |     #[allow(unreachable_code)] unreachable!("missing return")
     |                                ^^^^^^^^^^^

warning: unused attribute `allow`
    --> generated/php_parser/src/php_parser/builder/mod.rs:1597:5
     |
1597 |     #[allow(unreachable_code)] unreachable!("missing return")
     |     ^^^^^^^^^^^^^^^^^^^^^^^^^^
     |
note: the built-in attribute `allow` will be ignored, since it's applied to the macro invocation `unreachable`
    --> generated/php_parser/src/php_parser/builder/mod.rs:1597:32
     |
1597 |     #[allow(unreachable_code)] unreachable!("missing return")
     |                                ^^^^^^^^^^^

warning: unused attribute `allow`
   --> generated/php_parser/src/php_parser/node/scalar/mod.rs:418:5
    |
418 |     #[allow(unreachable_code)] unreachable!("missing return")
    |     ^^^^^^^^^^^^^^^^^^^^^^^^^^
    |
note: the built-in attribute `allow` will be ignored, since it's applied to the macro invocation `unreachable`
   --> generated/php_parser/src/php_parser/node/scalar/mod.rs:418:32
    |
418 |     #[allow(unreachable_code)] unreachable!("missing return")
    |                                ^^^^^^^^^^^

warning: unused attribute `allow`
   --> generated/php_parser/src/php_parser/node/scalar/mod.rs:445:5
    |
445 |     #[allow(unreachable_code)] unreachable!("missing return")
    |     ^^^^^^^^^^^^^^^^^^^^^^^^^^
    |
note: the built-in attribute `allow` will be ignored, since it's applied to the macro invocation `unreachable`
   --> generated/php_parser/src/php_parser/node/scalar/mod.rs:445:32
    |
445 |     #[allow(unreachable_code)] unreachable!("missing return")
    |                                ^^^^^^^^^^^

warning: unused attribute `allow`
   --> generated/php_parser/src/php_parser/node_visitor/mod.rs:840:5
    |
840 |     #[allow(unreachable_code)] unreachable!("missing return")
    |     ^^^^^^^^^^^^^^^^^^^^^^^^^^
    |
note: the built-in attribute `allow` will be ignored, since it's applied to the macro invocation `unreachable`
   --> generated/php_parser/src/php_parser/node_visitor/mod.rs:840:32
    |
840 |     #[allow(unreachable_code)] unreachable!("missing return")
    |                                ^^^^^^^^^^^

warning: unused attribute `allow`
   --> generated/php_parser/src/php_parser/pretty_printer/mod.rs:623:5
    |
623 |     #[allow(unreachable_code)] unreachable!("missing return")
    |     ^^^^^^^^^^^^^^^^^^^^^^^^^^
    |
note: the built-in attribute `allow` will be ignored, since it's applied to the macro invocation `unreachable`
   --> generated/php_parser/src/php_parser/pretty_printer/mod.rs:623:32
    |
623 |     #[allow(unreachable_code)] unreachable!("missing return")
    |                                ^^^^^^^^^^^

warning: unused attribute `allow`
   --> generated/php_parser/src/php_parser/pretty_printer/mod.rs:634:5
    |
634 |     #[allow(unreachable_code)] unreachable!("missing return")
    |     ^^^^^^^^^^^^^^^^^^^^^^^^^^
    |
note: the built-in attribute `allow` will be ignored, since it's applied to the macro invocation `unreachable`
   --> generated/php_parser/src/php_parser/pretty_printer/mod.rs:634:32
    |
634 |     #[allow(unreachable_code)] unreachable!("missing return")
    |                                ^^^^^^^^^^^

warning: unused attribute `allow`
   --> generated/php_parser/src/php_parser/pretty_printer/mod.rs:644:5
    |
644 |     #[allow(unreachable_code)] unreachable!("missing return")
    |     ^^^^^^^^^^^^^^^^^^^^^^^^^^
    |
note: the built-in attribute `allow` will be ignored, since it's applied to the macro invocation `unreachable`
   --> generated/php_parser/src/php_parser/pretty_printer/mod.rs:644:32
    |
644 |     #[allow(unreachable_code)] unreachable!("missing return")
    |                                ^^^^^^^^^^^

warning: unused attribute `allow`
   --> generated/php_parser/src/php_parser/pretty_printer/mod.rs:746:5
    |
746 |     #[allow(unreachable_code)] unreachable!("missing return")
    |     ^^^^^^^^^^^^^^^^^^^^^^^^^^
    |
note: the built-in attribute `allow` will be ignored, since it's applied to the macro invocation `unreachable`
   --> generated/php_parser/src/php_parser/pretty_printer/mod.rs:746:32
    |
746 |     #[allow(unreachable_code)] unreachable!("missing return")
    |                                ^^^^^^^^^^^

warning: unused attribute `allow`
   --> generated/php_parser/src/php_parser/pretty_printer/mod.rs:754:5
    |
754 |     #[allow(unreachable_code)] unreachable!("missing return")
    |     ^^^^^^^^^^^^^^^^^^^^^^^^^^
    |
note: the built-in attribute `allow` will be ignored, since it's applied to the macro invocation `unreachable`
   --> generated/php_parser/src/php_parser/pretty_printer/mod.rs:754:32
    |
754 |     #[allow(unreachable_code)] unreachable!("missing return")
    |                                ^^^^^^^^^^^

warning: unused attribute `allow`
   --> generated/php_parser/src/php_parser/pretty_printer/mod.rs:915:5
    |
915 |     #[allow(unreachable_code)] unreachable!("missing return")
    |     ^^^^^^^^^^^^^^^^^^^^^^^^^^
    |
note: the built-in attribute `allow` will be ignored, since it's applied to the macro invocation `unreachable`
   --> generated/php_parser/src/php_parser/pretty_printer/mod.rs:915:32
    |
915 |     #[allow(unreachable_code)] unreachable!("missing return")
    |                                ^^^^^^^^^^^

warning: unused attribute `allow`
   --> generated/php_parser/src/php_parser/pretty_printer/mod.rs:979:5
    |
979 |     #[allow(unreachable_code)] unreachable!("missing return")
    |     ^^^^^^^^^^^^^^^^^^^^^^^^^^
    |
note: the built-in attribute `allow` will be ignored, since it's applied to the macro invocation `unreachable`
   --> generated/php_parser/src/php_parser/pretty_printer/mod.rs:979:32
    |
979 |     #[allow(unreachable_code)] unreachable!("missing return")
    |                                ^^^^^^^^^^^

warning: unused attribute `allow`
   --> generated/php_parser/src/php_parser/pretty_printer/mod.rs:987:5
    |
987 |     #[allow(unreachable_code)] unreachable!("missing return")
    |     ^^^^^^^^^^^^^^^^^^^^^^^^^^
    |
note: the built-in attribute `allow` will be ignored, since it's applied to the macro invocation `unreachable`
   --> generated/php_parser/src/php_parser/pretty_printer/mod.rs:987:32
    |
987 |     #[allow(unreachable_code)] unreachable!("missing return")
    |                                ^^^^^^^^^^^

warning: unused attribute `allow`
   --> generated/php_parser/src/php_parser/pretty_printer/mod.rs:995:5
    |
995 |     #[allow(unreachable_code)] unreachable!("missing return")
    |     ^^^^^^^^^^^^^^^^^^^^^^^^^^
    |
note: the built-in attribute `allow` will be ignored, since it's applied to the macro invocation `unreachable`
   --> generated/php_parser/src/php_parser/pretty_printer/mod.rs:995:32
    |
995 |     #[allow(unreachable_code)] unreachable!("missing return")
    |                                ^^^^^^^^^^^

warning: unused attribute `allow`
    --> generated/php_parser/src/php_parser/pretty_printer/mod.rs:1003:5
     |
1003 |     #[allow(unreachable_code)] unreachable!("missing return")
     |     ^^^^^^^^^^^^^^^^^^^^^^^^^^
     |
note: the built-in attribute `allow` will be ignored, since it's applied to the macro invocation `unreachable`
    --> generated/php_parser/src/php_parser/pretty_printer/mod.rs:1003:32
     |
1003 |     #[allow(unreachable_code)] unreachable!("missing return")
     |                                ^^^^^^^^^^^

warning: unused attribute `allow`
    --> generated/php_parser/src/php_parser/pretty_printer/mod.rs:1021:5
     |
1021 |     #[allow(unreachable_code)] unreachable!("missing return")
     |     ^^^^^^^^^^^^^^^^^^^^^^^^^^
     |
note: the built-in attribute `allow` will be ignored, since it's applied to the macro invocation `unreachable`
    --> generated/php_parser/src/php_parser/pretty_printer/mod.rs:1021:32
     |
1021 |     #[allow(unreachable_code)] unreachable!("missing return")
     |                                ^^^^^^^^^^^

warning: unused attribute `allow`
    --> generated/php_parser/src/php_parser/mod.rs:2502:5
     |
2502 |     #[allow(unreachable_code)] unreachable!("missing return")
     |     ^^^^^^^^^^^^^^^^^^^^^^^^^^
     |
note: the built-in attribute `allow` will be ignored, since it's applied to the macro invocation `unreachable`
    --> generated/php_parser/src/php_parser/mod.rs:2502:32
     |
2502 |     #[allow(unreachable_code)] unreachable!("missing return")
     |                                ^^^^^^^^^^^

warning: unused attribute `allow`
    --> generated/php_parser/src/php_parser/mod.rs:3605:5
     |
3605 |     #[allow(unreachable_code)] unreachable!("missing return")
     |     ^^^^^^^^^^^^^^^^^^^^^^^^^^
     |
note: the built-in attribute `allow` will be ignored, since it's applied to the macro invocation `unreachable`
    --> generated/php_parser/src/php_parser/mod.rs:3605:32
     |
3605 |     #[allow(unreachable_code)] unreachable!("missing return")
     |                                ^^^^^^^^^^^

warning: unused attribute `allow`
    --> generated/php_parser/src/php_parser/mod.rs:3748:5
     |
3748 |     #[allow(unreachable_code)] unreachable!("missing return")
     |     ^^^^^^^^^^^^^^^^^^^^^^^^^^
     |
note: the built-in attribute `allow` will be ignored, since it's applied to the macro invocation `unreachable`
    --> generated/php_parser/src/php_parser/mod.rs:3748:32
     |
3748 |     #[allow(unreachable_code)] unreachable!("missing return")
     |                                ^^^^^^^^^^^

warning: unused attribute `allow`
    --> generated/php_parser/src/php_parser/mod.rs:3857:5
     |
3857 |     #[allow(unreachable_code)] unreachable!("missing return")
     |     ^^^^^^^^^^^^^^^^^^^^^^^^^^
     |
note: the built-in attribute `allow` will be ignored, since it's applied to the macro invocation `unreachable`
    --> generated/php_parser/src/php_parser/mod.rs:3857:32
     |
3857 |     #[allow(unreachable_code)] unreachable!("missing return")
     |                                ^^^^^^^^^^^

warning: `php_parser` (lib test) generated 21 warnings (run `cargo fix --lib -p php_parser --tests` to apply 21 suggestions)
    Finished `dev` profile [unoptimized + debuginfo] target(s) in 2m 01s
